config/config__2d__gamma0.0__maxwellian.yaml
Training PINN for seed 0 and gamma 0.0
Training opPINN for seed 0 and gamma 0.0
Start training with seed 0...
Training completed.

Start training with seed 0...
Training completed.

config/config__2d__gamma0.0__maxwellian.yaml
Training PINN for seed 1 and gamma 0.0
Training opPINN for seed 1 and gamma 0.0
Start training with seed 1...
Training completed.

Start training with seed 1...
Training completed.

config/config__2d__gamma0.0__maxwellian.yaml
Training PINN for seed 2 and gamma 0.0
Training opPINN for seed 2 and gamma 0.0
Start training with seed 2...
Training completed.

Start training with seed 2...
Training completed.

config/config__2d__gamma0.0__maxwellian.yaml
Training PINN for seed 3 and gamma 0.0
Training opPINN for seed 3 and gamma 0.0
Start training with seed 3...
Training completed.

Start training with seed 3...
Training completed.

